[TDCA-BATCH] project_root = /workspace/TDCA
[TDCA-BATCH] dataset      = /workspace/TDCA/data/hotpot_dev_distractor_v1.jsonl
[TDCA-BATCH] outputs      = /workspace/TDCA/batch_outputs/hotpot_dev_distractor_v1_20260329_112504
[TDCA-BATCH] backend      = local
[TDCA] Using local transformers backend.
[TDCA] CUDA visible. free=23.30 GiB / total=23.56 GiB
[TDCA] LocalLLM device = cuda (CUDA selected, free VRAM 23.30 GiB)
Loading checkpoint shards:   0%|          | 0/3 [00:00<?, ?it/s]Loading checkpoint shards: 100%|██████████| 3/3 [00:00<00:00, 55.87it/s]

[1/30] Were Scott Derrickson and Ed Wood of the same nationality?

[2/30] What government position was held by the woman who portrayed Corliss Archer in the film Kiss and Tell?

[3/30] What science fantasy young adult series, told in first person, has a set of companion books narrating the stories of enslaved worlds and alien species?

[4/30] Are the Laleli Mosque and Esma Sultan Mansion located in the same neighborhood?

[5/30] The director of the romantic comedy "Big Stone Gap" is based in what New York city?

[6/30] 2014 S/S is the debut album of a South Korean boy group that was formed by who?

[7/30] Who was known by his stage name Aladin and helped organizations improve their performance as a consultant?

[8/30] The arena where the Lewiston Maineiacs played their home games can seat how many people?

[9/30] Who is older, Annie Morton or Terry Richardson?

[10/30] Are Local H and For Against both from the United States?

[11/30] What is the name of the fight song of the university whose main campus is in Lawrence, Kansas and whose branch campuses are in the Kansas City metropolitan area?

[12/30] What screenwriter with credits for "Evolution" co-wrote a film starring Nicolas Cage and Téa Leoni?

[13/30] What year did Guns N Roses perform a promo for a movie starring Arnold Schwarzenegger as a former New York Police detective?

[14/30] Are Random House Tower and 888 7th Avenue both used for real estate?

[15/30] The football manager who recruited David Beckham managed Manchester United during what timeframe?

[16/30] Brown State Fishing Lake is in a country that has a population of how many inhabitants ?

[17/30] The Vermont Catamounts men's soccer team currently competes in a conference that was formerly known as what from 1988 to 1996?

[18/30] Are Giuseppe Verdi and Ambroise Thomas both Opera composers ?

[19/30] Roger O. Egeberg was Assistant Secretary for Health and Scientific Affairs during the administration of a president that served during what years?

[20/30] Which writer was from England, Henry Roth or Robert Erskine Childers?

[21/30] Which other Mexican Formula One race car driver has held the podium besides the Force India driver born in 1990?

[22/30] This singer of A Rather Blustery Day also voiced what hedgehog?

[23/30] Aside from the Apple Remote, what other device can control the program Apple Remote was originally designed to interact with?

[24/30] Which performance act has a higher instrument to person ratio, Badly Drawn Boy or Wolf Alice?

[25/30] What was the father of Kasper Schmeichel voted to be by the IFFHS in 1992?

[26/30] Who was the writer of These Boots Are Made for Walkin' and who died in 2007?

[27/30] The 2011–12 VCU Rams men's basketball team, led by third year head coach Shaka Smart, represented Virginia Commonwealth University which was founded in what year?

[28/30] Are both Dictyosperma, and Huernia described as a genus?

[29/30] Kaiser Ventures corporation was founded by an American industrialist who became known as the father of modern American shipbuilding?

[30/30] What is the name for the adventure in "Tunnels and Trolls", a game designed by Ken St. Andre?

[TDCA-BATCH] aggregate:
{
  "count": 30,
  "answered_with_gold": 30,
  "exact_match": 0.4,
  "avg_steps": 2.8,
  "avg_llm_calls": 3.433333333333333,
  "avg_generated_tokens": 920.9
}
[TDCA-BATCH] summary.csv  = /workspace/TDCA/batch_outputs/hotpot_dev_distractor_v1_20260329_112504/summary.csv
[TDCA-BATCH] summary.jsonl= /workspace/TDCA/batch_outputs/hotpot_dev_distractor_v1_20260329_112504/summary.jsonl
