[TDCA-BATCH] project_root = /workspace/TDCA
[TDCA-BATCH] dataset      = /workspace/TDCA/data/hotpot_dev_distractor_v1.jsonl
[TDCA-BATCH] outputs      = /workspace/TDCA/exp_outputs/tdca_grid_20260326_143428/tdca_tok600/hotpot_dev_distractor_v1_20260326_143643
[TDCA-BATCH] backend      = local
[TDCA] Using local transformers backend.
[TDCA] CUDA visible. free=23.30 GiB / total=23.56 GiB
[TDCA] LocalLLM device = cuda (CUDA selected, free VRAM 23.30 GiB)
Loading checkpoint shards:   0%|          | 0/3 [00:00<?, ?it/s]Loading checkpoint shards: 100%|██████████| 3/3 [00:00<00:00, 82.78it/s]

[1/10] Were Scott Derrickson and Ed Wood of the same nationality?

[2/10] What government position was held by the woman who portrayed Corliss Archer in the film Kiss and Tell?

[3/10] What science fantasy young adult series, told in first person, has a set of companion books narrating the stories of enslaved worlds and alien species?

[4/10] Are the Laleli Mosque and Esma Sultan Mansion located in the same neighborhood?

[5/10] The director of the romantic comedy "Big Stone Gap" is based in what New York city?

[6/10] 2014 S/S is the debut album of a South Korean boy group that was formed by who?

[7/10] Who was known by his stage name Aladin and helped organizations improve their performance as a consultant?

[8/10] The arena where the Lewiston Maineiacs played their home games can seat how many people?

[9/10] Who is older, Annie Morton or Terry Richardson?

[10/10] Are Local H and For Against both from the United States?

[TDCA-BATCH] aggregate:
{
  "count": 10,
  "answered_with_gold": 10,
  "exact_match": 0.5,
  "avg_steps": 2.0,
  "avg_llm_calls": 2.7,
  "avg_generated_tokens": 645.8
}
[TDCA-BATCH] summary.csv  = /workspace/TDCA/exp_outputs/tdca_grid_20260326_143428/tdca_tok600/hotpot_dev_distractor_v1_20260326_143643/summary.csv
[TDCA-BATCH] summary.jsonl= /workspace/TDCA/exp_outputs/tdca_grid_20260326_143428/tdca_tok600/hotpot_dev_distractor_v1_20260326_143643/summary.jsonl
